este log es para almacenar la historia de calculadora
